cmdcomp -- compare the output of two commands with optional preprocessing and customizable diff

## Usage

```shell
cmdcomp [flags] -- COMMON_ARGS [-- LEFT_ARGS [-- RIGHT_ARGS]]
```

## Lifecycle & Data Flow

cmdcomp executes subcommands and pipelines in the following order:

```text
[stdin input] ('-' or '@filename')
      │ (replicated to both commands if --stdin is specified)
      ├───────────────────────────────┐
      ▼                               ▼
[left command]                 [right command]
      │                               ▲
      │ ──► [interceptor hooks] ──────┘ (if interceptor specified: run sequentially)
      │                               │
      ▼ (stdout)                      ▼ (stdout)
[preprocess:left pipeline]     [preprocess:right pipeline]
(common + left-preprocess)     (common + right-preprocess)
      │                               │
      ▼                               ▼
 [left tempfile]               [right tempfile]
      │                               │
      └───────────────┬───────────────┘
                      ▼
               [diff command] (e.g. diff left_file right_file)
                      │
                      ▼
               [cleanup hooks] (guaranteed to run via defer)
```

1. **startup**: Setup commands run sequentially before executing left/right commands (e.g. helm repo update).
2. **stdin setup**: If '--stdin', '--left-stdin', or '--right-stdin' is specified, input from stdin ('-') or files ('@filename') is prepared for left and right commands (individual '--left-stdin' / '--right-stdin' takes precedence over '--stdin').
3. **snapshot setup**: If '--snapshot', '--left-snapshot', or '--right-snapshot' is specified, command execution is skipped for that side and the given input is used directly as the command output. Individual '--left-snapshot' / '--right-snapshot' takes precedence over '--snapshot'. Both '--stdin' and '--snapshot' cannot be used together for the same side.
4. **left command & right command**:
   - Without interceptor: Left and right commands run concurrently.
   - With interceptor: Left command runs first -> interceptor hooks run sequentially (e.g. git checkout <branch>) -> Right command runs.
   - Sides with a snapshot configured are skipped entirely.
5. **preprocess pipeline**: Standard output of left and right commands (or snapshot inputs) are piped through preprocess filters:
   - Left output: piped through preprocess -> left-preprocess
   - Right output: piped through preprocess -> right-preprocess
6. **diff**: Output files from the preprocess pipelines are passed to the diff tool ('<diff> LEFT_FILE RIGHT_FILE').
7. **cleanup**: Teardown hooks are guaranteed to run when cmdcomp exits, even on failure or error.

## Examples

### Basic Comparison
Compare the standard output of two commands:

```shell
# Equivalent shell workflow:
# echo a > leftfile
# echo b > rightfile
# diff leftfile rightfile
cmdcomp -- echo -- a -- b
```

### Custom Diff Tool & Label
Use a customized diff tool (e.g. 'diff -u', 'colordiff') and pass argument labels with '-l' / '--label':

```shell
# Unified diff with labels:
cmdcomp -x 'diff -u' -l -- echo -- a -- b
```

### Common Preprocess Pipeline
Apply filter pipelines (e.g. jq, yq, sed) to both outputs before diffing:

```shell
# Filter both command outputs through sed:
cmdcomp -p 'sed "s|a|c|"' -- echo -- a -- b
```

### Asymmetric Preprocessing (Left & Right)
Apply specific preprocess filters only to the left or right command output in addition to common filters:

```shell
# Replace strings differently on left vs right side:
cmdcomp --left-preprocess 'sed "s|a|c|"' --right-preprocess 'sed "s|a|d|"' -- echo -- a -- a
```

### Startup Hooks & Advanced Preprocessing
Run setup commands (e.g. 'helm repo update') sequentially before running the compare commands:

```shell
# Update repo before comparing secret manifests:
cmdcomp --startup 'helm repo update' -p "yq 'select(.kind==\"Secret\")'" -x 'objdiff -c' -- helm template datadog/datadog -- --version 3.68.0 -- --version 3.69.3 --set datadog.logLevel=debug
```

### Sequential Execution with Interceptor
Execute left command first, run interceptor hooks (e.g. git checkout, database migration), then run right command:

```shell
# Compare local helm chart across git revisions:
cmdcomp -i 'git checkout datadog-3.69.3' -x 'objdiff -c' -- helm template ./charts/datadog
```

### Cleanup Hooks & Working Directory
Ensure teardown hooks run on exit and optionally preserve temporary files in a specified directory:

```shell
# Preserve temp files and clean up resources:
cmdcomp -w ./tmp-workdir -c 'echo "cleanup done"' -- echo -- a -- b
```

### Environment Variables (Common, Left, Right)
Pass environment variables to all commands or exclusively to the left or right side:

```shell
# Inject environment variables per side:
cmdcomp -e 'COMMON=1' --left-env 'TARGET=left' --right-env 'TARGET=right' -- bash -c 'echo "$COMMON:$TARGET"'
```

### Replicating Standard Input (--stdin)
Replicate input from standard input ('-') or a file ('@filename') into the stdin of subcommands:

```shell
# Pass shared stdin to grep commands:
echo -e "alpha\nbeta" | cmdcomp --stdin - -- grep -- alpha -- beta

# Pass input from file to left command only:
cmdcomp --left-stdin '@data.txt' --right-stdin '-' -- grep -- pattern
```

### Snapshot Comparison (--snapshot)
Bypass command execution on one or both sides and compare directly against static files or stdin:

```shell
# Compare a pre-generated baseline snapshot file against live command output:
cmdcomp --left-snapshot '@baseline.yaml' -p 'yq ...' -- helm template ./charts/app

# Compare two static snapshot files through common preprocess filters without commands:
cmdcomp --left-snapshot '@file1.json' --right-snapshot '@file2.json' -p 'jq .key'
```

### Dry Run Mode (--dry-run)
Generate an executable bash script capturing the exact execution pipeline without running any commands:

```shell
# Output shell script for inspection or reproduction:
cmdcomp --dry-run -x 'diff -u' -p 'jq .' -- curl -s https://api/v1 -- curl -s https://api/v2
```

### Exit Code & Success Override (--success)
Exit with 0 even when diffs are detected (useful for CI summary steps without failing build):

```shell
# Return exit code 0 on diff:
cmdcomp --success -- echo -- a -- b
```

### Custom Delimiter
Change the argument delimiter from '--' to another token:

```shell
# Use '---' as delimiter when subcommands themselves take '--':
cmdcomp -d '---' -- echo --- echo -- a --- echo -- b
```

## Config file

### Format

```yaml
presets:
  example:
    show-cmd-log: true
    debug: true
    startup:
      - echo startup
    interceptor:
      - echo interceptor
    preprocess:
      - grep common
    left-preprocess:
      - grep left
    right-preprocess:
      - grep right
    diff: diff
    work-dir: workdir
    shell: bash
    delimiter: --
    label: true
    env:
      - X=1
    left-env:
      - Y=2
    right-env:
      - Y=3
    cleanup:
      - echo cleanup
    common-args:
      - echo
    left-args:
      - common left
    right-args:
      - common right
    success: true
```

### Builtin config

```yaml
presets:
  dyff:
    diff: dyff between --omit-header --set-exit-code
    shell: bash
    delimiter: --
  helm:
    startup:
      - helm repo update
    diff: objdiff -cv
    shell: bash
    delimiter: --
  helm-chart:
    startup:
      - helm repo update
    preprocess:
      - yq -P 'sort_keys(..)'
    diff: diff -u --color
    shell: bash
    delimiter: --
    common-args:
      - helm
      - show
      - chart
      - $CHART
    left-args:
      - --version
      - $LEFT
    right-args:
      - --version
      - $RIGHT
  helm-values:
    startup:
      - helm repo update
    preprocess:
      - yq -P 'sort_keys(..)'
    diff: diff -u --color
    shell: bash
    delimiter: --
    common-args:
      - helm
      - show
      - values
      - $CHART
    left-args:
      - --version
      - $LEFT
    right-args:
      - --version
      - $RIGHT
  json:
    preprocess:
      - jq -S .
    diff: diff -u --color
    shell: bash
    delimiter: --
  k8s:
    diff: objdiff -cv
    shell: bash
    delimiter: --
  k8s-clean:
    preprocess:
      - yq 'del(.metadata.resourceVersion, .metadata.uid, .metadata.creationTimestamp, .metadata.generation, .metadata.managedFields, .status)'
    diff: objdiff -cv
    shell: bash
    delimiter: --
  yml:
    preprocess:
      - yq -P 'sort_keys(..)'
    diff: diff -u --color
    shell: bash
    delimiter: --
```

### Usage

```shell
# use "example" preset
# overriding "diff" option
cmdcomp --config CONFIG_PATH --preset example -x 'diff -u'

# use builtin "json" preset
cmdcomp --preset json -- ...
```

### Examples

```yaml
presets:
  sentry:
    diff: objdiff -cv
    common-args:  ["helm", "template", "sentry/sentry", "--version", "$VERSION"]
```

then

```shell
# helm template sentry/sentry --version 28.0.3 > leftfile
# helm template sentry/sentry --version 29.5.1 > rightfile
# objdiff -cv leftfile rightfile
cmdcomp --config CONFIG --preset sentry --left-env 'VERSION=28.0.3' --right-env 'VERSION=29.5.1'
```

## Exit Codes

- 0: No diff detected, dryrun, version/help displayed, or diff detected with --success.
- 1: Diff detected (exit code of diff command).
- 2: Process failure (command error, hook error, pipeline error, timeout, config/flag error). Always returns 2 even if --success is specified.

## Environment Variables

All flags can be specified via environment variables using the 'CMDCOMP_' prefix (e.g. CMDCOMP_DIFF, CMDCOMP_PRESET, CMDCOMP_SHOW_CMD_LOG).
Precedence: Default/Preset < Environment Variables < Command-line Flags

- Command lists (CMDCOMP_STARTUP, CMDCOMP_PREPROCESS, etc.): Separate multiple commands with newline.
- Environment variable pairs (CMDCOMP_ENV, CMDCOMP_LEFT_ENV, CMDCOMP_RIGHT_ENV): Separate entries with comma (,).

## Flags

